Microchip MPLAB XC8 Compiler V2.32

Linker command line:

-W-3 --edf=C:\Program Files\Microchip\xc8\v2.32\pic\dat\en_msgs.txt -cn \
  -h+dist/default/production\practise.X.production.sym \
  --cmf=dist/default/production\practise.X.production.cmf -z -Q16F877A \
  -oC:\Users\kazia\AppData\Local\Temp\xcAsgm8.4 --defsym=__MPLAB_BUILD=1 \
  -Mdist/default/production/practise.X.production.map -E1 -ver=XC8 Compiler \
  --acfsm=1493 -ASTACK=0110h-016Fh -pstack=STACK -ACODE=00h-07FFhx4 \
  -ASTRCODE=00h-01FFFh -ASTRING=00h-0FFhx32 -ACONST=00h-0FFhx32 \
  -AENTRY=00h-0FFhx32 -ACOMMON=070h-07Fh -ABANK0=020h-06Fh \
  -ABANK1=0A0h-0EFh -ABANK2=0110h-016Fh -ABANK3=0190h-01EFh \
  -ARAM=020h-06Fh,0A0h-0EFh,0110h-016Fh,0190h-01EFh \
  -AABS1=020h-07Fh,0A0h-0EFh,0110h-016Fh,0190h-01EFh -ASFR0=00h-01Fh \
  -ASFR1=080h-09Fh -ASFR2=0100h-010Fh -ASFR3=0180h-018Fh \
  -ACONFIG=02007h-02007h -DCONFIG=2 -AIDLOC=02000h-02003h -DIDLOC=2 \
  -AEEDATA=00h-0FFh/02100h -peeprom_data=EEDATA -DEEDATA=2 -DCODE=2 \
  -DSTRCODE=2 -DSTRING=2 -DCONST=2 -DENTRY=2 \
  -preset_vec=00h,intentry,init,end_init -ppowerup=CODE -pcinit=CODE \
  -pfunctab=ENTRY -k C:\Users\kazia\AppData\Local\Temp\xcAsgm8.o \
  dist/default/production\practise.X.production.o 

Object code version is 3.11

Machine type is 16F877A



                Name                               Link     Load   Length Selector   Space Scale
C:\Users\kazia\AppData\Local\Temp\xcAsgm8.o
                end_init                              0        0        3        0       0
                config                             2007     2007        1        0       4
dist/default/production\practise.X.production.o
                cinit                               7FC      7FC        4      FF8       0
                config                             2007     2007        1        0       4
                text7                               609      609       22      C12       0
                text6                               5EF      5EF       1A      BDE       0
                text5                               5E2      5E2        D      BC4       0
                text4                               6DB      6DB       5D      DB6       0
                text3                               689      689       52      D12       0
                text2                               650      650       39      CA0       0
                text1                               62B      62B       25      C56       0
                maintext                            738      738       C4      E70       0
                cstackCOMMON                         70       70        E       70       1
                strings                               3        3       4A        6       0

TOTAL           Name                               Link     Load   Length     Space
        CLASS   STACK          

        CLASS   CODE           
                end_init                              0        0        3         0
                cinit                               7FC      7FC        4         0
                text7                               609      609       22         0
                text6                               5EF      5EF       1A         0
                text5                               5E2      5E2        D         0
                text4                               6DB      6DB       5D         0
                text3                               689      689       52         0
                text2                               650      650       39         0
                text1                               62B      62B       25         0
                maintext                            738      738       C4         0

        CLASS   STRCODE        

        CLASS   STRING         
                strings                               3        3       4A         0

        CLASS   CONST          

        CLASS   ENTRY          

        CLASS   COMMON         
                cstackCOMMON                         70       70        E         1

        CLASS   BANK0          

        CLASS   BANK1          

        CLASS   BANK2          

        CLASS   BANK3          

        CLASS   RAM            

        CLASS   ABS1           
                abs_s1                               7E       7E        2         1

        CLASS   SFR0           

        CLASS   SFR1           

        CLASS   SFR2           

        CLASS   SFR3           

        CLASS   CONFIG         
                config                             2007     2007        1         4

        CLASS   IDLOC          

        CLASS   EEDATA         



SEGMENTS        Name                           Load    Length   Top    Selector   Space  Class     Delta

                reset_vec                      000000  000003  000003         0       0  CODE        2
                strings                        000003  00004A  00004D         6       0  STRING      2
                cstackCOMMON                   000070  00000E  00007E        70       1  COMMON      1
                text5                          0005E2  00000D  0005EF       BC4       0  CODE        2
                text6                          0005EF  00001A  000609       BDE       0  CODE        2
                text7                          000609  000022  00062B       C12       0  CODE        2
                text1                          00062B  000025  000650       C56       0  CODE        2
                text2                          000650  000039  000689       CA0       0  CODE        2
                text3                          000689  000052  0006DB       D12       0  CODE        2
                text4                          0006DB  00005D  000738       DB6       0  CODE        2
                maintext                       000738  0000C4  0007FC       E70       0  CODE        2
                cinit                          0007FC  000004  000800       FF8       0  CODE        2


UNUSED ADDRESS RANGES

        Name                Unused          Largest block    Delta
        BANK0            0020-006F             50           1
        BANK1            00A0-00EF             50           1
        BANK2            0110-016F             60           1
        BANK3            0190-01EF             60           1
        CODE             004D-05E1            595           2
                         0800-1FFF            800
        CONST            004D-05E1            100           2
                         0800-1FFF            100
        EEDATA           2100-21FF            100           2
        ENTRY            004D-05E1            100           2
                         0800-1FFF            100
        IDLOC            2000-2003              4           2
        RAM              0020-006F             50           1
                         00A0-00EF             50
                         0110-016F             60
                         0190-01EF             60
        SFR0             0000-001F             20           1
        SFR1             0080-009F             20           1
        SFR2             0100-010F             10           1
        SFR3             0180-018F             10           1
        STACK            0110-016F             60           1
        STRCODE          004D-05E1            595           2
                         0800-1FFF           1800
        STRING           004D-05E1            100           2
                         0800-1FFF            100

                                  Symbol Table

Lcd_Cmd@a                  cstackCOMMON 0073
Lcd_Port@a                 cstackCOMMON 0070
Lcd_Set_Cursor@a           cstackCOMMON 0077
Lcd_Set_Cursor@b           cstackCOMMON 0074
Lcd_Set_Cursor@temp        cstackCOMMON 007A
Lcd_Set_Cursor@y           cstackCOMMON 0079
Lcd_Set_Cursor@z           cstackCOMMON 0078
Lcd_Write_Char@a           cstackCOMMON 0074
Lcd_Write_Char@temp        cstackCOMMON 0072
Lcd_Write_Char@y           cstackCOMMON 0073
Lcd_Write_String@a         cstackCOMMON 0077
Lcd_Write_String@i         cstackCOMMON 0075
_Lcd_Clear                 text5        05E2
_Lcd_Cmd                   text6        05EF
_Lcd_Init                  text4        06DB
_Lcd_Port                  text7        0609
_Lcd_Set_Cursor            text3        0689
_Lcd_Write_Char            text2        0650
_Lcd_Write_String          text1        062B
_RB2                       (abs)        0032
_RB3                       (abs)        0033
_RB4                       (abs)        0034
_RB5                       (abs)        0035
_RB6                       (abs)        0036
_RB7                       (abs)        0037
_RC0                       (abs)        0038
_RC1                       (abs)        0039
_RC2                       (abs)        003A
_RD0                       (abs)        0040
_RD1                       (abs)        0041
_RD2                       (abs)        0042
_RD3                       (abs)        0043
_RD4                       (abs)        0044
_RD5                       (abs)        0045
_RD6                       (abs)        0046
_RD7                       (abs)        0047
_TRISB                     (abs)        0086
_TRISC0                    (abs)        0438
_TRISC1                    (abs)        0439
_TRISC2                    (abs)        043A
_TRISD0                    (abs)        0440
_TRISD1                    (abs)        0441
_TRISD2                    (abs)        0442
_TRISD3                    (abs)        0443
_TRISD4                    (abs)        0444
_TRISD5                    (abs)        0445
_TRISD6                    (abs)        0446
_TRISD7                    (abs)        0447
__Habs1                    abs1         0000
__Hbank0                   bank0        0000
__Hbank1                   bank1        0000
__Hbank2                   bank2        0000
__Hbank3                   bank3        0000
__Hcinit                   cinit        0800
__Hclrtext                 clrtext      0000
__Hcode                    code         0000
__Hcommon                  common       0000
__Hconfig                  config       2008
__HcstackCOMMON            cstackCOMMON 0000
__Heeprom_data             eeprom_data  0000
__Hend_init                end_init     0003
__Hfunctab                 functab      0000
__Hinit                    init         0000
__Hintentry                intentry     0000
__Hmaintext                maintext     0000
__Hpowerup                 powerup      0000
__Hram                     ram          0000
__Hreset_vec               reset_vec    0000
__Hsfr0                    sfr0         0000
__Hsfr1                    sfr1         0000
__Hsfr2                    sfr2         0000
__Hsfr3                    sfr3         0000
__Hspace_0                 (abs)        0800
__Hspace_1                 (abs)        007E
__Hspace_2                 (abs)        0000
__Hspace_3                 (abs)        0000
__Hspace_4                 (abs)        400F
__Hstack                   stack        0000
__Hstrings                 strings      0000
__Htext                    text         0000
__Labs1                    abs1         0000
__Lbank0                   bank0        0000
__Lbank1                   bank1        0000
__Lbank2                   bank2        0000
__Lbank3                   bank3        0000
__Lcinit                   cinit        07FC
__Lclrtext                 clrtext      0000
__Lcode                    code         0000
__Lcommon                  common       0000
__Lconfig                  config       0000
__LcstackCOMMON            cstackCOMMON 0000
__Leeprom_data             eeprom_data  0000
__Lend_init                end_init     0000
__Lfunctab                 functab      0000
__Linit                    init         0000
__Lintentry                intentry     0000
__Lmaintext                maintext     0000
__Lpowerup                 powerup      0000
__Lram                     ram          0000
__Lreset_vec               reset_vec    0000
__Lsfr0                    sfr0         0000
__Lsfr1                    sfr1         0000
__Lsfr2                    sfr2         0000
__Lsfr3                    sfr3         0000
__Lspace_0                 (abs)        0000
__Lspace_1                 (abs)        0000
__Lspace_2                 (abs)        0000
__Lspace_3                 (abs)        0000
__Lspace_4                 (abs)        0000
__Lstack                   stack        0000
__Lstrings                 strings      0000
__Ltext                    text         0000
__S0                       (abs)        0800
__S1                       (abs)        007E
__S2                       (abs)        0000
__S3                       (abs)        0000
___int_sp                  stack        0000
___latbits                 (abs)        0002
___sp                      stack        0000
___stackhi                 (abs)        0000
___stacklo                 (abs)        0000
__end_of_Lcd_Clear         text5        05EF
__end_of_Lcd_Cmd           text6        0609
__end_of_Lcd_Init          text4        0738
__end_of_Lcd_Port          text7        062B
__end_of_Lcd_Set_Cursor    text3        06DB
__end_of_Lcd_Write_Char    text2        0689
__end_of_Lcd_Write_String  text1        0650
__end_of__initialization   cinit        07FC
__end_of__stringtab        strings      0009
__end_of_main              maintext     07FC
__initialization           cinit        07FC
__pcstackCOMMON            cstackCOMMON 0070
__pmaintext                maintext     0738
__pstrings                 strings      0003
__ptext1                   text1        062B
__ptext2                   text2        0650
__ptext3                   text3        0689
__ptext4                   text4        06DB
__ptext5                   text5        05E2
__ptext6                   text6        05EF
__ptext7                   text7        0609
__size_of_Lcd_Clear        (abs)        0000
__size_of_Lcd_Cmd          (abs)        0000
__size_of_Lcd_Init         (abs)        0000
__size_of_Lcd_Port         (abs)        0000
__size_of_Lcd_Set_Cursor   (abs)        0000
__size_of_Lcd_Write_Char   (abs)        0000
__size_of_Lcd_Write_String (abs)        0000
__size_of_main             (abs)        0000
__stringbase               strings      0008
__stringtab                strings      0003
_main                      maintext     0738
btemp                      (abs)        007E
end_of_initialization      cinit        07FC
intlevel0                  functab      0000
intlevel1                  functab      0000
intlevel2                  functab      0000
intlevel3                  functab      0000
intlevel4                  functab      0000
intlevel5                  functab      0000
reset_vec                  reset_vec    0000
start                      init         0000
start_initialization       cinit        07FC
wtemp0                     (abs)        007E


MODULE INFORMATION

Module		Function		Class		Link	Load	Size
./lcd.h
		_Lcd_Write_String		CODE           	062B	0000	37
		_Lcd_Init      		CODE           	06DB	0000	93
		_Lcd_Write_Char		CODE           	0650	0000	57
		_Lcd_Cmd       		CODE           	05EF	0000	26
		_Lcd_Set_Cursor		CODE           	0689	0000	82
		_Lcd_Clear     		CODE           	05E2	0000	13
		_Lcd_Port      		CODE           	0609	0000	34

./lcd.h estimated size: 342

newmain.c
		_main          		CODE           	0738	0000	196

newmain.c estimated size: 196

shared
		__stringtab    		STRING         	0003	0000	6
		__initialization		CODE           	07FC	0000	1

shared estimated size: 7

